// Jest Snapshot v1, https://goo.gl/fbAQLP

exports[`FugaFuga.tsx dispatches increment action 1`] = `ShallowWrapper {}`;
