// Jest Snapshot v1, https://goo.gl/fbAQLP

exports[`test component 1`] = `
<div>
  FugaaaaaaIndexaaaaaa
</div>
`;
